Component: ARM Compiler 5.06 update 6 (build 750) Tool: armlink [4d35ed]

==============================================================================

Section Cross References

    startup_w7500x.o(STACK) refers (Special) to heapauxi.o(.text) for __use_two_region_memory
    startup_w7500x.o(HEAP) refers (Special) to heapauxi.o(.text) for __use_two_region_memory
    startup_w7500x.o(RESET) refers (Special) to heapauxi.o(.text) for __use_two_region_memory
    startup_w7500x.o(RESET) refers to startup_w7500x.o(STACK) for __initial_sp
    startup_w7500x.o(RESET) refers to startup_w7500x.o(.text) for Reset_Handler
    startup_w7500x.o(RESET) refers to w7500x_it.o(.text) for NMI_Handler
    startup_w7500x.o(.text) refers (Special) to heapauxi.o(.text) for __use_two_region_memory
    startup_w7500x.o(.text) refers to system_w7500x.o(.text) for SystemInit
    startup_w7500x.o(.text) refers to __main.o(!!!main) for __main
    startup_w7500x.o(.text) refers to startup_w7500x.o(HEAP) for Heap_Mem
    startup_w7500x.o(.text) refers to startup_w7500x.o(STACK) for Stack_Mem
    system_w7500x.o(.text) refers to aeabi_sdiv.o(.text) for __aeabi_uidivmod
    system_w7500x.o(.text) refers to system_w7500x.o(.data) for .data
    w7500x_uart.o(.text) refers to system_w7500x.o(.text) for GetPLLSource
    w7500x_uart.o(.text) refers to aeabi_sdiv.o(.text) for __aeabi_uidivmod
    w7500x_uart.o(.text) refers to fflti.o(.text) for __aeabi_ui2f
    w7500x_uart.o(.text) refers to fdiv.o(.text) for __aeabi_fdiv
    w7500x_uart.o(.text) refers to ffixui.o(.text) for __aeabi_f2uiz
    w7500x_uart.o(.text) refers to faddsub.o(x$fpl$frsb) for __aeabi_frsub
    w7500x_uart.o(.text) refers to fscalbn.o(.text) for __ARM_scalbnf
    w7500x_uart.o(.text) refers to f2d.o(.text) for __aeabi_f2d
    w7500x_uart.o(.text) refers to daddsub.o(.text) for __aeabi_dadd
    w7500x_uart.o(.text) refers to dfixui.o(.text) for __aeabi_d2uiz
    socket.o(.text) refers to w7500x_wztoe.o(.text) for WIZCHIP_WRITE
    socket.o(.text) refers to socket.o(.data) for .data
    socket.o(.text) refers to socket.o(.bss) for .bss
    socket.o(.text) refers to socket.o(i.__ARM_common_switch8) for __ARM_common_switch8
    wizchip_conf.o(.text) refers to w7500x_wztoe.o(.text) for WIZCHIP_READ
    wizchip_conf.o(.text) refers to socket.o(i.__ARM_common_switch8) for __ARM_common_switch8
    wizchip_conf.o(.text) refers to wizchip_conf.o(.data) for .data
    wizchip_conf.o(.data) refers to wizchip_conf.o(.text) for wizchip_cris_enter
    w7500x_miim.o(.text) refers to w7500x_gpio.o(.text) for GPIO_SetBits
    w7500x_miim.o(.text) refers to main.o(.text) for delay
    w7500x_miim.o(.text) refers to noretval__2printf.o(.text) for __2printf
    w7500x_miim.o(.text) refers to w7500x_miim.o(.data) for .data
    dhcp.o(.text) refers to w7500x_wztoe.o(.text) for WIZCHIP_WRITE
    dhcp.o(.text) refers to socket.o(.text) for sendto
    dhcp.o(.text) refers to dhcp.o(.data) for .data
    dhcp.o(.text) refers to socket.o(i.__ARM_common_switch8) for __ARM_common_switch8
    dhcp.o(.data) refers to dhcp.o(.text) for default_ip_assign
    dhcp_cb.o(.text) refers to configdata.o(.text) for get_DevConfig_pointer
    dhcp_cb.o(.text) refers to dhcp.o(.text) for getIPfromDHCP
    dhcp_cb.o(.text) refers to wizchip_conf.o(.text) for ctlnetwork
    retarget.o(.rev16_text) refers (Special) to use_no_semi.o(.text) for __use_no_semihosting_swi
    retarget.o(.revsh_text) refers (Special) to use_no_semi.o(.text) for __use_no_semihosting_swi
    retarget.o(.text) refers (Special) to use_no_semi.o(.text) for __use_no_semihosting_swi
    retarget.o(.text) refers to w7500x_uart.o(.text) for S_UartPutc
    retarget.o(.data) refers (Special) to use_no_semi.o(.text) for __use_no_semihosting_swi
    retarget.o(.data) refers (Special) to use_no_semi.o(.text) for __use_no_semihosting_swi
    main.o(.text) refers to _printf_percent.o(.ARM.Collect$$_printf_percent$$00000000) for _printf_percent
    main.o(.text) refers to _printf_s.o(.ARM.Collect$$_printf_percent$$00000014) for _printf_s
    main.o(.text) refers to _printf_str.o(.text) for _printf_str
    main.o(.text) refers to _printf_d.o(.ARM.Collect$$_printf_percent$$00000009) for _printf_d
    main.o(.text) refers to _printf_dec.o(.text) for _printf_int_dec
    main.o(.text) refers to configdata.o(.text) for get_DevConfig_pointer
    main.o(.text) refers to noretval__2printf.o(.text) for __2printf
    main.o(.text) refers to system_w7500x.o(.text) for GetSystemClock
    main.o(.text) refers to aeabi_sdiv.o(.text) for __aeabi_uidivmod
    main.o(.text) refers to flashhandler.o(.text) for DO_IAP
    main.o(.text) refers to rt_memclr.o(.text) for __aeabi_memclr4
    main.o(.text) refers to storagehandler.o(.text) for read_storage
    main.o(.text) refers to w7500x_uart.o(.text) for S_UartGetc
    main.o(.text) refers to segcp.o(.text) for proc_SEGCP
    main.o(.text) refers to w7500x_board.o(.text) for Supervisory_IC_Init
[...]
    .ARM.Collect$$libshutdown$$00000007      0x0000014e   Section        0  libshutdown2.o(.ARM.Collect$$libshutdown$$00000007)
    .ARM.Collect$$libshutdown$$0000000A      0x0000014e   Section        0  libshutdown2.o(.ARM.Collect$$libshutdown$$0000000A)
    .ARM.Collect$$libshutdown$$0000000C      0x0000014e   Section        0  libshutdown2.o(.ARM.Collect$$libshutdown$$0000000C)
    .ARM.Collect$$libshutdown$$0000000F      0x0000014e   Section        0  libshutdown2.o(.ARM.Collect$$libshutdown$$0000000F)
    .ARM.Collect$$libshutdown$$00000010      0x0000014e   Section        2  libshutdown2.o(.ARM.Collect$$libshutdown$$00000010)
    .ARM.Collect$$rtentry$$00000000          0x00000150   Section        0  __rtentry.o(.ARM.Collect$$rtentry$$00000000)
    .ARM.Collect$$rtentry$$00000002          0x00000150   Section        0  __rtentry2.o(.ARM.Collect$$rtentry$$00000002)
    .ARM.Collect$$rtentry$$00000004          0x00000150   Section        6  __rtentry4.o(.ARM.Collect$$rtentry$$00000004)
    .ARM.Collect$$rtentry$$00000009          0x00000156   Section        0  __rtentry2.o(.ARM.Collect$$rtentry$$00000009)
    .ARM.Collect$$rtentry$$0000000A          0x00000156   Section        4  __rtentry2.o(.ARM.Collect$$rtentry$$0000000A)
    .ARM.Collect$$rtentry$$0000000C          0x0000015a   Section        0  __rtentry2.o(.ARM.Collect$$rtentry$$0000000C)
    .ARM.Collect$$rtentry$$0000000D          0x0000015a   Section        8  __rtentry2.o(.ARM.Collect$$rtentry$$0000000D)
    .ARM.Collect$$rtexit$$00000000           0x00000162   Section        2  rtexit.o(.ARM.Collect$$rtexit$$00000000)
    .ARM.Collect$$rtexit$$00000002           0x00000164   Section        0  rtexit2.o(.ARM.Collect$$rtexit$$00000002)
    .ARM.Collect$$rtexit$$00000003           0x00000164   Section        4  rtexit2.o(.ARM.Collect$$rtexit$$00000003)
    .ARM.Collect$$rtexit$$00000004           0x00000168   Section        6  rtexit2.o(.ARM.Collect$$rtexit$$00000004)
    .emb_text                                0x00000170   Section       56  rt_memcpy.o(.emb_text)
    .text                                    0x000001a8   Section       56  startup_w7500x.o(.text)
    .text                                    0x000001e0   Section        0  system_w7500x.o(.text)
    .text                                    0x000002d4   Section        0  w7500x_dualtimer.o(.text)
    .text                                    0x000003dc   Section        0  w7500x_gpio.o(.text)
    .text                                    0x000006f4   Section        0  w7500x_uart.o(.text)
    .text                                    0x00000970   Section        0  w7500x_wztoe.o(.text)
    .text                                    0x00000a24   Section        0  socket.o(.text)
    .text                                    0x000014d8   Section        0  wizchip_conf.o(.text)
    .text                                    0x00001aa8   Section        0  w7500x_miim.o(.text)
    .text                                    0x00001d14   Section        0  dhcp.o(.text)
    .text                                    0x000028c0   Section        0  w7500x_it.o(.text)
    .text                                    0x000028fc   Section        0  retarget.o(.text)
    .text                                    0x00002924   Section        0  main.o(.text)
    .text                                    0x00002cb0   Section        0  segcp.o(.text)
    .text                                    0x00003af0   Section        0  util.o(.text)
    .text                                    0x00003cd4   Section        0  flashhandler.o(.text)
    .text                                    0x00003db0   Section        0  storagehandler.o(.text)
    .text                                    0x00003e88   Section        0  timerhandler.o(.text)
    .text                                    0x00003f70   Section        0  uarthandler.o(.text)
    .text                                    0x00003f94   Section        0  devicehandler.o(.text)
    .text                                    0x0000432c   Section        0  w7500x_board.o(.text)
    .text                                    0x000044e4   Section        0  configdata.o(.text)
    .text                                    0x00004b44   Section        2  use_no_semi.o(.text)
    .text                                    0x00004b48   Section       16  rt_ctype_table.o(.text)
    .text                                    0x00004b58   Section        0  toupper.o(.text)
    .text                                    0x00004b78   Section        0  noretval__2printf.o(.text)
    .text                                    0x00004b94   Section        0  noretval__2sprintf.o(.text)
    .text                                    0x00004bbc   Section        0  _printf_pad.o(.text)
    .text                                    0x00004c0a   Section        0  _printf_str.o(.text)
    .text                                    0x00004c5c   Section        0  _printf_dec.o(.text)
    .text                                    0x00004cc8   Section        0  _printf_hex_int.o(.text)
    .text                                    0x00004d20   Section        0  __printf_flags_wp.o(.text)
    .text                                    0x00004e58   Section        0  atoi.o(.text)
    .text                                    0x00004e72   Section        0  atol.o(.text)
    .text                                    0x00004e8c   Section        0  strtok.o(.text)
    .text                                    0x00004e9c   Section        0  strchr.o(.text)
    .text                                    0x00004eb0   Section        0  memcmp.o(.text)
    .text                                    0x00004f0c   Section        0  strcpy.o(.text)
    .text                                    0x00004f58   Section        0  strlen.o(.text)
    .text                                    0x00004f9c   Section        0  strncmp.o(.text)
    .text                                    0x0000503c   Section        0  strcat.o(.text)
    .text                                    0x00005054   Section        0  rt_memcpy.o(.text)
    .text                                    0x000050d6   Section        0  rt_memclr.o(.text)
    .text                                    0x00005118   Section        0  strcmp.o(.text)
    .text                                    0x000051a0   Section        0  uread4.o(.text)
    .text                                    0x000051c2   Section        0  uwrite4.o(.text)
    .text                                    0x000051d2   Section      346  aeabi_sdiv.o(.text)
    .text                                    0x0000532c   Section        0  heapauxi.o(.text)
    .text                                    0x00005334   Section        0  daddsub.o(.text)
    _dadd1                                   0x00005335   Thumb Code   290  daddsub.o(.text)
    _dsub1                                   0x00005457   Thumb Code   470  daddsub.o(.text)
    .text                                    0x0000568c   Section        0  dfixui.o(.text)
    .text                                    0x000056d4   Section        0  f2d.o(.text)
    .text                                    0x00005728   Section        0  fdiv.o(.text)
    .text                                    0x00005888   Section        0  ffixui.o(.text)
    .text                                    0x000058b8   Section        0  fflti.o(.text)
    .text                                    0x00005918   Section        0  fscalbn.o(.text)
    .text                                    0x0000595c   Section        8  rt_locale_intlibspace.o(.text)
    .text                                    0x00005964   Section        8  rt_errno_addr_intlibspace.o(.text)
    .text                                    0x0000596c   Section        0  _printf_intcommon.o(.text)
    .text                                    0x00005a1c   Section        0  _printf_char_common.o(.text)
    _printf_input_char                       0x00005a1d   Thumb Code    10  _printf_char_common.o(.text)
    .text                                    0x00005a4c   Section        0  _sputc.o(.text)
    .text                                    0x00005a56   Section        0  _printf_char.o(.text)
    .text                                    0x00005a84   Section        0  _printf_char_file.o(.text)
    .text                                    0x00005aac   Section        0  strtol.o(.text)
    .text                                    0x00005b1c   Section        0  strtok_int.o(.text)
    .text                                    0x00005b64   Section        0  rtudiv10.o(.text)
    .text                                    0x00005b8c   Section        8  libspace.o(.text)
    .text                                    0x00005b94   Section        0  _strtoul.o(.text)
    .text                                    0x00005c3a   Section        0  strcspn.o(.text)
    .text                                    0x00005c5c   Section        0  strspn.o(.text)
    .text                                    0x00005c7c   Section       62  sys_stackheap_outer.o(.text)
    .text                                    0x00005cba   Section        0  _chval.o(.text)
    .text                                    0x00005cd8   Section        0  exit.o(.text)
    .text                                    0x00005ce8   Section        0  __dczerorl.o(.text)
    i.__ARM_common_switch8                   0x00005d22   Section        0  socket.o(i.__ARM_common_switch8)
    i._is_digit                              0x00005d3c   Section        0  __printf_wp.o(i._is_digit)
    locale$$code                             0x00005d4c   Section       44  lc_ctype_c.o(locale$$code)
    x$fpl$fadd                               0x00005d78   Section      140  faddsub.o(x$fpl$fadd)
    _fadd1                                   0x00005d85   Thumb Code     0  faddsub.o(x$fpl$fadd)
    x$fpl$frsb                               0x00005e04   Section       24  faddsub.o(x$fpl$frsb)
    x$fpl$fsub                               0x00005e1c   Section      208  faddsub.o(x$fpl$fsub)
    _fsub1                                   0x00005e29   Thumb Code     0  faddsub.o(x$fpl$fsub)
    .constdata                               0x00005eec   Section        4  w7500x_board.o(.constdata)
    x$fpl$usenofp                            0x00005eec   Section        0  usenofp.o(x$fpl$usenofp)
    .constdata                               0x00005ef0   Section       40  _printf_hex_int.o(.constdata)
    uc_hextab                                0x00005ef0   Data          20  _printf_hex_int.o(.constdata)
    lc_hextab                                0x00005f04   Data          20  _printf_hex_int.o(.constdata)
    .constdata                               0x00005f18   Section       17  __printf_flags_wp.o(.constdata)
    maptable                                 0x00005f18   Data          17  __printf_flags_wp.o(.constdata)
    .constdata                               0x00005f29   Section       64  fdiv.o(.constdata)
    fdiv_tab                                 0x00005f29   Data          64  fdiv.o(.constdata)
    .conststring                             0x00005f6c   Section      275  segcp.o(.conststring)
    .conststring                             0x00006080   Section       23  uarthandler.o(.conststring)
    .conststring                             0x00006098   Section      174  devicehandler.o(.conststring)
    locale$$data                             0x00006168   Section      272  lc_ctype_c.o(locale$$data)
    __lcctype_c_name                         0x0000616c   Data           2  lc_ctype_c.o(locale$$data)
    __lcctype_c_start                        0x00006174   Data           0  lc_ctype_c.o(locale$$data)
    __lcctype_c_end                          0x00006278   Data           0  lc_ctype_c.o(locale$$data)
    .data                                    0x20000000   Section        8  system_w7500x.o(.data)
    .data                                    0x20000008   Section       14  socket.o(.data)
    sock_any_port                            0x20000008   Data           2  socket.o(.data)
    sock_io_mode                             0x2000000a   Data           2  socket.o(.data)
    sock_is_sending                          0x2000000c   Data           2  socket.o(.data)
    sock_pack_info                           0x2000000e   Data           8  socket.o(.data)
    .data                                    0x20000018   Section       40  wizchip_conf.o(.data)
    _DHCP_                                   0x20000018   Data           1  wizchip_conf.o(.data)
    _DNS_                                    0x20000019   Data           4  wizchip_conf.o(.data)
    .data                                    0x20000040   Section        8  w7500x_miim.o(.data)
    MDIO                                     0x20000040   Data           2  w7500x_miim.o(.data)
    MDC                                      0x20000042   Data           2  w7500x_miim.o(.data)
    .data                                    0x20000048   Section       74  dhcp.o(.data)
    .data                                    0x20000094   Section        4  retarget.o(.data)
    .data                                    0x20000098   Section        1  main.o(.data)
    .data                                    0x2000009c   Section      272  segcp.o(.data)
    .data                                    0x200001ac   Section       16  timerhandler.o(.data)
    msec_cnt                                 0x200001ae   Data           2  timerhandler.o(.data)
    sec_cnt                                  0x200001b0   Data           2  timerhandler.o(.data)
    uptime_min                               0x200001b4   Data           4  timerhandler.o(.data)
    time_cnt                                 0x200001b8   Data           4  timerhandler.o(.data)
    .data                                    0x200001bc   Section        8  uarthandler.o(.data)
    .data                                    0x200001c4   Section       16  devicehandler.o(.data)
    write_fw_len                             0x200001cc   Data           4  devicehandler.o(.data)
    recv_fwsize                              0x200001d0   Data           4  devicehandler.o(.data)
    .data                                    0x200001d4   Section       16  w7500x_board.o(.data)
    .data                                    0x200001e4   Section        4  strtok.o(.data)
    _strtok_saves1                           0x200001e4   Data           4  strtok.o(.data)
    .bss                                     0x200001e8   Section       16  socket.o(.bss)
    sock_remained_size                       0x200001e8   Data          16  socket.o(.bss)
    .bss                                     0x200001f8   Section     2048  main.o(.bss)
    .bss                                     0x200009f8   Section     1024  segcp.o(.bss)
    gSEGCPREQ                                0x200009f8   Data         512  segcp.o(.bss)
    gSEGCPREP                                0x20000bf8   Data         512  segcp.o(.bss)
    .bss                                     0x20000df8   Section      249  configdata.o(.bss)
    dev_config                               0x20000df8   Data         249  configdata.o(.bss)
    .bss                                     0x20000ef4   Section       96  libspace.o(.bss)
    HEAP                                     0x20000f58   Section     1024  startup_w7500x.o(HEAP)
    Heap_Mem                                 0x20000f58   Data        1024  startup_w7500x.o(HEAP)
    STACK                                    0x20001358   Section     2048  startup_w7500x.o(STACK)
    Stack_Mem                                0x20001358   Data        2048  startup_w7500x.o(STACK)
    __initial_sp                             0x20001b58   Data           0  startup_w7500x.o(STACK)

    Global Symbols

    Symbol Name                              Value     Ov Type        Size  Object(Section)

    BuildAttributes$$THM_ISAv3M$S$PE$A:L22$X:L11$S22$IEEE1$IW$USESV6$~STKCKD$USESV7$~SHL$OSPACE$ROPI$EBA8$UX$STANDARDLIB$REQ8$PRES8$EABIv2 0x00000000   Number         0  anon$$obj.o ABSOLUTE
    __ARM_use_no_argv                        0x00000000   Number         0  main.o ABSOLUTE
    __Vectors                                0x00000000   Data           4  startup_w7500x.o(RESET)
    _printf_flags                            0x00000000   Number         0  printf_stubs.o ABSOLUTE
    _printf_return_value                     0x00000000   Number         0  printf_stubs.o ABSOLUTE
    _printf_sizespec                         0x00000000   Number         0  printf_stubs.o ABSOLUTE
    _printf_widthprec                        0x00000000   Number         0  printf_stubs.o ABSOLUTE
    __ARM_exceptions_init                     - Undefined Weak Reference
    __alloca_initialize                       - Undefined Weak Reference
    __arm_preinit_                            - Undefined Weak Reference
    __cpp_initialize__aeabi_                  - Undefined Weak Reference
    __cxa_finalize                            - Undefined Weak Reference
    __sigvec_lookup                           - Undefined Weak Reference
    _atexit_init                              - Undefined Weak Reference
    _call_atexit_fns                          - Undefined Weak Reference
    _clock_init                               - Undefined Weak Reference
    _fp_trap_init                             - Undefined Weak Reference
    _fp_trap_shutdown                         - Undefined Weak Reference
    _get_lc_collate                           - Undefined Weak Reference
    _get_lc_monetary                          - Undefined Weak Reference
    _get_lc_numeric                           - Undefined Weak Reference
    _get_lc_time                              - Undefined Weak Reference
    _getenv_init                              - Undefined Weak Reference
    _handle_redirection                       - Undefined Weak Reference
    _init_alloc                               - Undefined Weak Reference
    _init_user_alloc                          - Undefined Weak Reference
    _initio                                   - Undefined Weak Reference
    _printf_mbtowc                            - Undefined Weak Reference
    _printf_truncate_signed                   - Undefined Weak Reference
    _printf_truncate_unsigned                 - Undefined Weak Reference
    _rand_init                                - Undefined Weak Reference
    _signal_finish                            - Undefined Weak Reference
    _signal_init                              - Undefined Weak Reference
    _terminate_alloc                          - Undefined Weak Reference
    _terminate_user_alloc                     - Undefined Weak Reference
    _terminateio                              - Undefined Weak Reference
    __Vectors_End                            0x000000a8   Data           0  startup_w7500x.o(RESET)
    __Vectors_Size                           0x000000a8   Number         0  startup_w7500x.o ABSOLUTE
    __main                                   0x000000a9   Thumb Code     8  __main.o(!!!main)
    __scatterload                            0x000000b1   Thumb Code     0  __scatter.o(!!!scatter)
    __scatterload_rt2                        0x000000b1   Thumb Code    52  __scatter.o(!!!scatter)
    __scatterload_rt2_thumb_only             0x000000b1   Thumb Code     0  __scatter.o(!!!scatter)
    __scatterload_null                       0x000000c1   Thumb Code     0  __scatter.o(!!!scatter)
    __scatterload_zeroinit                   0x000000ed   Thumb Code    28  __scatter_zi.o(!!handler_zi)
    _printf_percent                          0x00000109   Thumb Code     0  _printf_percent.o(.ARM.Collect$$_printf_percent$$00000000)
    _printf_d                                0x0000010b   Thumb Code     0  _printf_d.o(.ARM.Collect$$_printf_percent$$00000009)
    _printf_x                                0x00000115   Thumb Code     0  _printf_x.o(.ARM.Collect$$_printf_percent$$0000000C)
    _printf_c                                0x0000011f   Thumb Code     0  _printf_c.o(.ARM.Collect$$_printf_percent$$00000013)
    _printf_s                                0x00000129   Thumb Code     0  _printf_s.o(.ARM.Collect$$_printf_percent$$00000014)
    _printf_percent_end                      0x00000133   Thumb Code     0  _printf_percent_end.o(.ARM.Collect$$_printf_percent$$00000017)
    __rt_lib_init                            0x00000137   Thumb Code     0  libinit.o(.ARM.Collect$$libinit$$00000000)
    __rt_lib_init_fp_1                       0x00000139   Thumb Code     0  libinit2.o(.ARM.Collect$$libinit$$00000002)
    __rt_lib_init_heap_1                     0x00000139   Thumb Code     0  libinit2.o(.ARM.Collect$$libinit$$0000000A)
    __rt_lib_init_lc_common                  0x00000139   Thumb Code     0  libinit2.o(.ARM.Collect$$libinit$$0000000F)
    __rt_lib_init_preinit_1                  0x00000139   Thumb Code     0  libinit2.o(.ARM.Collect$$libinit$$00000004)
    __rt_lib_init_rand_1                     0x00000139   Thumb Code     0  libinit2.o(.ARM.Collect$$libinit$$0000000E)
    __rt_lib_init_user_alloc_1               0x00000139   Thumb Code     0  libinit2.o(.ARM.Collect$$libinit$$0000000C)
    __rt_lib_init_lc_collate_1               0x0000013f   Thumb Code     0  libinit2.o(.ARM.Collect$$libinit$$00000011)
    __rt_lib_init_lc_ctype_2                 0x0000013f   Thumb Code     0  libinit2.o(.ARM.Collect$$libinit$$00000012)
    __rt_lib_init_alloca_1                   0x0000014b   Thumb Code     0  libinit2.o(.ARM.Collect$$libinit$$0000002E)
    __rt_lib_init_argv_1                     0x0000014b   Thumb Code     0  libinit2.o(.ARM.Collect$$libinit$$0000002C)
    __rt_lib_init_atexit_1                   0x0000014b   Thumb Code     0  libinit2.o(.ARM.Collect$$libinit$$0000001B)
    __rt_lib_init_clock_1                    0x0000014b   Thumb Code     0  libinit2.o(.ARM.Collect$$libinit$$00000021)
    __rt_lib_init_cpp_1                      0x0000014b   Thumb Code     0  libinit2.o(.ARM.Collect$$libinit$$00000032)
    __rt_lib_init_exceptions_1               0x0000014b   Thumb Code     0  libinit2.o(.ARM.Collect$$libinit$$00000030)
    __rt_lib_init_fp_trap_1                  0x0000014b   Thumb Code     0  libinit2.o(.ARM.Collect$$libinit$$0000001F)
    __rt_lib_init_getenv_1                   0x0000014b   Thumb Code     0  libinit2.o(.ARM.Collect$$libinit$$00000023)
    __rt_lib_init_lc_ctype_1                 0x0000014b   Thumb Code     0  libinit2.o(.ARM.Collect$$libinit$$00000013)
    __rt_lib_init_lc_monetary_1              0x0000014b   Thumb Code     0  libinit2.o(.ARM.Collect$$libinit$$00000015)
    __rt_lib_init_lc_numeric_1               0x0000014b   Thumb Code     0  libinit2.o(.ARM.Collect$$libinit$$00000017)
    __rt_lib_init_lc_time_1                  0x0000014b   Thumb Code     0  libinit2.o(.ARM.Collect$$libinit$$00000019)
    __rt_lib_init_return                     0x0000014b   Thumb Code     0  libinit2.o(.ARM.Collect$$libinit$$00000033)
    __rt_lib_init_signal_1                   0x0000014b   Thumb Code     0  libinit2.o(.ARM.Collect$$libinit$$0000001D)
    __rt_lib_init_stdio_1                    0x0000014b   Thumb Code     0  libinit2.o(.ARM.Collect$$libinit$$00000025)
    __rt_lib_shutdown                        0x0000014d   Thumb Code     0  libshutdown.o(.ARM.Collect$$libshutdown$$00000000)
    __rt_lib_shutdown_cpp_1                  0x0000014f   Thumb Code     0  libshutdown2.o(.ARM.Collect$$libshutdown$$00000002)
    __rt_lib_shutdown_fp_trap_1              0x0000014f   Thumb Code     0  libshutdown2.o(.ARM.Collect$$libshutdown$$00000007)
    __rt_lib_shutdown_heap_1                 0x0000014f   Thumb Code     0  libshutdown2.o(.ARM.Collect$$libshutdown$$0000000F)
    __rt_lib_shutdown_return                 0x0000014f   Thumb Code     0  libshutdown2.o(.ARM.Collect$$libshutdown$$00000010)
    __rt_lib_shutdown_signal_1               0x0000014f   Thumb Code     0  libshutdown2.o(.ARM.Collect$$libshutdown$$0000000A)
    __rt_lib_shutdown_stdio_1                0x0000014f   Thumb Code     0  libshutdown2.o(.ARM.Collect$$libshutdown$$00000004)
    __rt_lib_shutdown_user_alloc_1           0x0000014f   Thumb Code     0  libshutdown2.o(.ARM.Collect$$libshutdown$$0000000C)
    __rt_entry                               0x00000151   Thumb Code     0  __rtentry.o(.ARM.Collect$$rtentry$$00000000)
    __rt_entry_presh_1                       0x00000151   Thumb Code     0  __rtentry2.o(.ARM.Collect$$rtentry$$00000002)
    __rt_entry_sh                            0x00000151   Thumb Code     0  __rtentry4.o(.ARM.Collect$$rtentry$$00000004)
    __rt_entry_li                            0x00000157   Thumb Code     0  __rtentry2.o(.ARM.Collect$$rtentry$$0000000A)
    __rt_entry_postsh_1                      0x00000157   Thumb Code     0  __rtentry2.o(.ARM.Collect$$rtentry$$00000009)
    __rt_entry_main                          0x0000015b   Thumb Code     0  __rtentry2.o(.ARM.Collect$$rtentry$$0000000D)
    __rt_entry_postli_1                      0x0000015b   Thumb Code     0  __rtentry2.o(.ARM.Collect$$rtentry$$0000000C)
    __rt_exit                                0x00000163   Thumb Code     0  rtexit.o(.ARM.Collect$$rtexit$$00000000)
    __rt_exit_ls                             0x00000165   Thumb Code     0  rtexit2.o(.ARM.Collect$$rtexit$$00000003)
    __rt_exit_prels_1                        0x00000165   Thumb Code     0  rtexit2.o(.ARM.Collect$$rtexit$$00000002)
    __rt_exit_exit                           0x00000169   Thumb Code     0  rtexit2.o(.ARM.Collect$$rtexit$$00000004)
    __aeabi_memcpy4                          0x00000171   Thumb Code    56  rt_memcpy.o(.emb_text)
    __aeabi_memcpy8                          0x00000171   Thumb Code     0  rt_memcpy.o(.emb_text)
    Reset_Handler                            0x000001a9   Thumb Code     8  startup_w7500x.o(.text)
    RTC_Handler                              0x000001bb   Thumb Code     0  startup_w7500x.o(.text)
    __user_initial_stackheap                 0x000001bd   Thumb Code    10  startup_w7500x.o(.text)
    GetSystemClock                           0x000001e1   Thumb Code     6  system_w7500x.o(.text)
    GetSourceClock                           0x000001e7   Thumb Code     6  system_w7500x.o(.text)
    GetPLLSource                             0x000001ed   Thumb Code     6  system_w7500x.o(.text)
    SystemInit                               0x000001f3   Thumb Code    68  system_w7500x.o(.text)
    SystemCoreClockUpdate_User               0x00000237   Thumb Code   114  system_w7500x.o(.text)
    SystemInit_User                          0x000002a9   Thumb Code    20  system_w7500x.o(.text)
    DUALTIMER_ClockEnable                    0x000002d5   Thumb Code    48  w7500x_dualtimer.o(.text)
    DUALTIMER_ClockDisable                   0x00000305   Thumb Code    50  w7500x_dualtimer.o(.text)
    DUALTIMER_Stop                           0x00000337   Thumb Code    10  w7500x_dualtimer.o(.text)
    DUALTIMER_DeInit                         0x00000341   Thumb Code    20  w7500x_dualtimer.o(.text)
    DUALTIMER_Init                           0x00000355   Thumb Code    44  w7500x_dualtimer.o(.text)
    DUALTIMER_IntConfig                      0x00000381   Thumb Code    18  w7500x_dualtimer.o(.text)
    DUALTIMER_IntClear                       0x00000393   Thumb Code     6  w7500x_dualtimer.o(.text)
    DUALTIMER_GetIntStatus                   0x00000399   Thumb Code     6  w7500x_dualtimer.o(.text)
    DUALTIMER_GetIntEnableStatus             0x0000039f   Thumb Code     8  w7500x_dualtimer.o(.text)
    DUALTIMER_Start                          0x000003a7   Thumb Code    10  w7500x_dualtimer.o(.text)
    DUALTIMER_GetTimerLoad                   0x000003b1   Thumb Code     4  w7500x_dualtimer.o(.text)
    DUALTIMER_SetTimerLoad                   0x000003b5   Thumb Code     4  w7500x_dualtimer.o(.text)
    DUALTIMER_GetTimerValue                  0x000003b9   Thumb Code     4  w7500x_dualtimer.o(.text)
    DUALTIMER_GetTimerControl                0x000003bd   Thumb Code     4  w7500x_dualtimer.o(.text)
    DUALTIMER_SetTimerControl                0x000003c1   Thumb Code     4  w7500x_dualtimer.o(.text)
    DUALTIMER_GetTimerRIS                    0x000003c5   Thumb Code     4  w7500x_dualtimer.o(.text)
    DUALTIMER_GetTimerMIS                    0x000003c9   Thumb Code     4  w7500x_dualtimer.o(.text)
    DUALTIMER_GetTimerBGLoad                 0x000003cd   Thumb Code     4  w7500x_dualtimer.o(.text)
    DUALTIMER_SetTimerBGLoad                 0x000003d1   Thumb Code     4  w7500x_dualtimer.o(.text)
    GPIO_DeInit                              0x000003dd   Thumb Code    78  w7500x_gpio.o(.text)
    GPIO_Init                                0x0000042b   Thumb Code   194  w7500x_gpio.o(.text)
    GPIO_StructInit                          0x000004ed   Thumb Code    14  w7500x_gpio.o(.text)
    GPIO_ReadInputDataBit                    0x000004fb   Thumb Code    14  w7500x_gpio.o(.text)
    GPIO_ReadInputData                       0x00000509   Thumb Code     6  w7500x_gpio.o(.text)
    GPIO_ReadOutputDataBit                   0x0000050f   Thumb Code    14  w7500x_gpio.o(.text)
    GPIO_ReadOutputData                      0x0000051d   Thumb Code     6  w7500x_gpio.o(.text)
    GPIO_SetBits                             0x00000523   Thumb Code    28  w7500x_gpio.o(.text)
    GPIO_ResetBits                           0x0000053f   Thumb Code    32  w7500x_gpio.o(.text)
    GPIO_WriteBit                            0x0000055f   Thumb Code    30  w7500x_gpio.o(.text)
    GPIO_Write                               0x0000057d   Thumb Code     4  w7500x_gpio.o(.text)
    GPIO_INT_Enable_Bits                     0x00000581   Thumb Code    26  w7500x_gpio.o(.text)
    GPIO_INT_Enable                          0x0000059b   Thumb Code    16  w7500x_gpio.o(.text)
    GPIO_INT_Polarity_Bits                   0x000005ab   Thumb Code    20  w7500x_gpio.o(.text)
    GPIO_INT_Polarity                        0x000005bf   Thumb Code    14  w7500x_gpio.o(.text)
    GPIO_INT_Clear                           0x000005cd   Thumb Code     6  w7500x_gpio.o(.text)
    GPIO_Read_INTstatus                      0x000005d3   Thumb Code    14  w7500x_gpio.o(.text)
    PAD_AFConfig                             0x000005e1   Thumb Code    80  w7500x_gpio.o(.text)
    GPIO_Configuration                       0x00000631   Thumb Code    64  w7500x_gpio.o(.text)
    GPIO_INT_Configuration                   0x00000671   Thumb Code   116  w7500x_gpio.o(.text)
    UART_StructInit                          0x000006f5   Thumb Code    24  w7500x_uart.o(.text)
    UART_DeInit                              0x0000070d   Thumb Code    10  w7500x_uart.o(.text)
    UART_Init                                0x00000717   Thumb Code   182  w7500x_uart.o(.text)
    UART_FIFO_Enable                         0x000007cd   Thumb Code    24  w7500x_uart.o(.text)
    UART_FIFO_Disable                        0x000007e5   Thumb Code    10  w7500x_uart.o(.text)
    UART_SendData                            0x000007ef   Thumb Code     4  w7500x_uart.o(.text)
    UART_ReceiveData                         0x000007f3   Thumb Code     6  w7500x_uart.o(.text)
    UART_SendBreak                           0x000007f9   Thumb Code    10  w7500x_uart.o(.text)
    UART_GetRecvStatus                       0x00000803   Thumb Code    14  w7500x_uart.o(.text)
    UART_ClearRecvStatus                     0x00000811   Thumb Code     4  w7500x_uart.o(.text)
    UART_GetFlagStatus                       0x00000815   Thumb Code    14  w7500x_uart.o(.text)
    UART_ITConfig                            0x00000823   Thumb Code    16  w7500x_uart.o(.text)
    UART_GetITStatus                         0x00000833   Thumb Code    14  w7500x_uart.o(.text)
    UART_ClearITPendingBit                   0x00000841   Thumb Code     8  w7500x_uart.o(.text)
    S_UART_DeInit                            0x00000849   Thumb Code     2  w7500x_uart.o(.text)
    S_UART_SetBaud                           0x0000084b   Thumb Code    40  w7500x_uart.o(.text)
    S_UART_Init                              0x00000873   Thumb Code    24  w7500x_uart.o(.text)
    S_UART_SendData                          0x0000088b   Thumb Code    12  w7500x_uart.o(.text)
    S_UART_ReceiveData                       0x00000897   Thumb Code     8  w7500x_uart.o(.text)
    S_UART_GetFlagStatus                     0x0000089f   Thumb Code    16  w7500x_uart.o(.text)
    S_UART_SetCTRL                           0x000008af   Thumb Code    18  w7500x_uart.o(.text)
    S_UART_ITConfig                          0x000008c1   Thumb Code    18  w7500x_uart.o(.text)
    S_UART_GetITStatus                       0x000008d3   Thumb Code    16  w7500x_uart.o(.text)
    S_UART_ClearITPendingBit                 0x000008e3   Thumb Code    10  w7500x_uart.o(.text)
    UartPutc                                 0x000008ed   Thumb Code    12  w7500x_uart.o(.text)
    UartPuts                                 0x000008f9   Thumb Code    28  w7500x_uart.o(.text)
    UartGetc                                 0x00000915   Thumb Code    12  w7500x_uart.o(.text)
    S_UartPutc                               0x00000921   Thumb Code    12  w7500x_uart.o(.text)
    S_UartPuts                               0x0000092d   Thumb Code    24  w7500x_uart.o(.text)
    S_UartGetc                               0x00000945   Thumb Code    14  w7500x_uart.o(.text)
    WIZCHIP_READ                             0x00000971   Thumb Code     4  w7500x_wztoe.o(.text)
    WIZCHIP_WRITE                            0x00000975   Thumb Code     4  w7500x_wztoe.o(.text)
    WIZCHIP_READ_BUF                         0x00000979   Thumb Code    24  w7500x_wztoe.o(.text)
    WIZCHIP_WRITE_BUF                        0x00000991   Thumb Code    24  w7500x_wztoe.o(.text)
    wiz_send_data                            0x000009a9   Thumb Code    40  w7500x_wztoe.o(.text)
    wiz_recv_data                            0x000009d1   Thumb Code    40  w7500x_wztoe.o(.text)
    wiz_recv_ignore                          0x000009f9   Thumb Code    32  w7500x_wztoe.o(.text)
    close                                    0x00000a25   Thumb Code    96  socket.o(.text)
    socket                                   0x00000a85   Thumb Code   214  socket.o(.text)
    listen                                   0x00000b5b   Thumb Code   110  socket.o(.text)
    connect                                  0x00000bc9   Thumb Code   264  socket.o(.text)
    disconnect                               0x00000cd1   Thumb Code   132  socket.o(.text)
    send                                     0x00000d55   Thumb Code   288  socket.o(.text)
    recv                                     0x00000e75   Thumb Code   206  socket.o(.text)
    sendto                                   0x00000f43   Thumb Code   348  socket.o(.text)
    recvfrom                                 0x0000109f   Thumb Code   450  socket.o(.text)
    ctlsocket                                0x00001261   Thumb Code   170  socket.o(.text)
    setsockopt                               0x0000130b   Thumb Code   208  socket.o(.text)
    getsockopt                               0x000013db   Thumb Code   234  socket.o(.text)
    wizchip_cris_enter                       0x000014d9   Thumb Code     2  wizchip_conf.o(.text)
    wizchip_cris_exit                        0x000014db   Thumb Code     2  wizchip_conf.o(.text)
    wizchip_cs_select                        0x000014dd   Thumb Code     2  wizchip_conf.o(.text)
    wizchip_cs_deselect                      0x000014df   Thumb Code     2  wizchip_conf.o(.text)
    wizchip_bus_readbyte                     0x000014e1   Thumb Code     4  wizchip_conf.o(.text)
    wizchip_bus_writebyte                    0x000014e5   Thumb Code     4  wizchip_conf.o(.text)
    wizchip_spi_readbyte                     0x000014e9   Thumb Code     4  wizchip_conf.o(.text)
    wizchip_spi_writebyte                    0x000014ed   Thumb Code     2  wizchip_conf.o(.text)
    reg_wizchip_cris_cbfunc                  0x000014ef   Thumb Code    26  wizchip_conf.o(.text)
    reg_wizchip_cs_cbfunc                    0x00001509   Thumb Code    26  wizchip_conf.o(.text)
    reg_wizchip_bus_cbfunc                   0x00001523   Thumb Code    34  wizchip_conf.o(.text)
    reg_wizchip_spi_cbfunc                   0x00001545   Thumb Code    34  wizchip_conf.o(.text)
    wizphy_getphylink                        0x00001567   Thumb Code     6  wizchip_conf.o(.text)
    wizphy_getphypmode                       0x0000156d   Thumb Code     6  wizchip_conf.o(.text)
    wizchip_getinterruptmask                 0x00001573   Thumb Code    26  wizchip_conf.o(.text)
    wizchip_setinterruptmask                 0x0000158d   Thumb Code    28  wizchip_conf.o(.text)
    wizchip_getinterrupt                     0x000015a9   Thumb Code    28  wizchip_conf.o(.text)
    wizchip_clrinterrupt                     0x000015c5   Thumb Code    30  wizchip_conf.o(.text)
    wizchip_sw_reset                         0x000015e3   Thumb Code   332  wizchip_conf.o(.text)
    wizchip_init                             0x0000172f   Thumb Code   118  wizchip_conf.o(.text)
    ctlwizchip                               0x000017a5   Thumb Code   114  wizchip_conf.o(.text)
    wizchip_gettimeout                       0x00001817   Thumb Code    24  wizchip_conf.o(.text)
    wizchip_settimeout                       0x0000182f   Thumb Code    28  wizchip_conf.o(.text)
    wizchip_getnetmode                       0x0000184b   Thumb Code    10  wizchip_conf.o(.text)
    wizchip_setnetmode                       0x00001855   Thumb Code    38  wizchip_conf.o(.text)
    wizchip_getnetinfo                       0x0000187b   Thumb Code   264  wizchip_conf.o(.text)
    wizchip_setnetinfo                       0x00001983   Thumb Code   210  wizchip_conf.o(.text)
    ctlnetwork                               0x00001a55   Thumb Code    74  wizchip_conf.o(.text)
    idle_MDIO                                0x00001aa9   Thumb Code    40  w7500x_miim.o(.text)
    input_MDIO                               0x00001ad1   Thumb Code    58  w7500x_miim.o(.text)
    turnaround_MDIO                          0x00001b0b   Thumb Code    46  w7500x_miim.o(.text)
    output_MDIO                              0x00001b39   Thumb Code    74  w7500x_miim.o(.text)
    mdio_read                                0x00001b83   Thumb Code    72  w7500x_miim.o(.text)
    link                                     0x00001bcb   Thumb Code    18  w7500x_miim.o(.text)
    mdio_write                               0x00001bdd   Thumb Code    78  w7500x_miim.o(.text)
    set_link                                 0x00001c2b   Thumb Code    24  w7500x_miim.o(.text)
    phy_id                                   0x00001c43   Thumb Code   106  w7500x_miim.o(.text)
    mdio_init                                0x00001cad   Thumb Code    66  w7500x_miim.o(.text)
    default_ip_assign                        0x00001d15   Thumb Code   128  dhcp.o(.text)
    default_ip_update                        0x00001d95   Thumb Code    88  dhcp.o(.text)
    default_ip_conflict                      0x00001ded   Thumb Code    84  dhcp.o(.text)
    reg_dhcp_cbfunc                          0x00001e41   Thumb Code    38  dhcp.o(.text)
    makeDHCPMSG                              0x00001e67   Thumb Code   190  dhcp.o(.text)
    send_DHCP_DISCOVER                       0x00001f25   Thumb Code   358  dhcp.o(.text)
    send_DHCP_REQUEST                        0x0000208b   Thumb Code   558  dhcp.o(.text)
    send_DHCP_DECLINE                        0x000022b9   Thumb Code   256  dhcp.o(.text)
    parseDHCPMSG                             0x000023b9   Thumb Code   304  dhcp.o(.text)
    reset_DHCP_timeout                       0x000024e9   Thumb Code    16  dhcp.o(.text)
    check_DHCP_timeout                       0x000024f9   Thumb Code   104  dhcp.o(.text)
    check_DHCP_leasedIP                      0x00002561   Thumb Code   112  dhcp.o(.text)
    DHCP_run                                 0x000025d1   Thumb Code   284  dhcp.o(.text)
    DHCP_stop                                0x000026ed   Thumb Code    16  dhcp.o(.text)
    DHCP_init                                0x000026fd   Thumb Code   332  dhcp.o(.text)
    DHCP_time_handler                        0x00002849   Thumb Code    10  dhcp.o(.text)
    getIPfromDHCP                            0x00002853   Thumb Code    22  dhcp.o(.text)
    getGWfromDHCP                            0x00002869   Thumb Code    22  dhcp.o(.text)
    getSNfromDHCP                            0x0000287f   Thumb Code    22  dhcp.o(.text)
    getDNSfromDHCP                           0x00002895   Thumb Code    22  dhcp.o(.text)
    getDHCPLeasetime                         0x000028ab   Thumb Code     6  dhcp.o(.text)
    NMI_Handler                              0x000028c1   Thumb Code     2  w7500x_it.o(.text)
    HardFault_Handler                        0x000028c3   Thumb Code     2  w7500x_it.o(.text)
    SVC_Handler                              0x000028c5   Thumb Code     2  w7500x_it.o(.text)
    PendSV_Handler                           0x000028c7   Thumb Code     2  w7500x_it.o(.text)
    SysTick_Handler                          0x000028c9   Thumb Code     2  w7500x_it.o(.text)
    SSP0_Handler                             0x000028cb   Thumb Code     2  w7500x_it.o(.text)
    SSP1_Handler                             0x000028cd   Thumb Code     2  w7500x_it.o(.text)
    UART0_Handler                            0x000028cf   Thumb Code     2  w7500x_it.o(.text)
    UART1_Handler                            0x000028d1   Thumb Code     2  w7500x_it.o(.text)
    UART2_Handler                            0x000028d3   Thumb Code     2  w7500x_it.o(.text)
    I2C0_Handler                             0x000028d5   Thumb Code     2  w7500x_it.o(.text)
    I2C1_Handler                             0x000028d7   Thumb Code     2  w7500x_it.o(.text)
    PORT0_Handler                            0x000028d9   Thumb Code     2  w7500x_it.o(.text)
    PORT1_Handler                            0x000028db   Thumb Code     2  w7500x_it.o(.text)
    PORT2_Handler                            0x000028dd   Thumb Code     2  w7500x_it.o(.text)
    PORT3_Handler                            0x000028df   Thumb Code     2  w7500x_it.o(.text)
    DMA_Handler                              0x000028e1   Thumb Code     2  w7500x_it.o(.text)
    DUALTIMER0_Handler                       0x000028e3   Thumb Code     2  w7500x_it.o(.text)
    DUALTIMER1_Handler                       0x000028e5   Thumb Code     2  w7500x_it.o(.text)
    PWM0_Handler                             0x000028e7   Thumb Code     2  w7500x_it.o(.text)
    PWM1_Handler                             0x000028e9   Thumb Code     2  w7500x_it.o(.text)
    PWM2_Handler                             0x000028eb   Thumb Code     2  w7500x_it.o(.text)
    PWM3_Handler                             0x000028ed   Thumb Code     2  w7500x_it.o(.text)
    PWM4_Handler                             0x000028ef   Thumb Code     2  w7500x_it.o(.text)
    PWM5_Handler                             0x000028f1   Thumb Code     2  w7500x_it.o(.text)
    PWM6_Handler                             0x000028f3   Thumb Code     2  w7500x_it.o(.text)
    PWM7_Handler                             0x000028f5   Thumb Code     2  w7500x_it.o(.text)
    ADC_Handler                              0x000028f7   Thumb Code     2  w7500x_it.o(.text)
    WZTOE_Handler                            0x000028f9   Thumb Code     2  w7500x_it.o(.text)
    EXTI_Handler                             0x000028fb   Thumb Code     2  w7500x_it.o(.text)
    fputc                                    0x000028fd   Thumb Code    10  retarget.o(.text)
    fgetc                                    0x00002907   Thumb Code    12  retarget.o(.text)
    ferror                                   0x00002913   Thumb Code     6  retarget.o(.text)
    _ttywrch                                 0x00002919   Thumb Code    10  retarget.o(.text)
    _sys_exit                                0x00002923   Thumb Code     2  retarget.o(.text)
    display_Dev_Info_header                  0x00002925   Thumb Code    60  main.o(.text)
    application_jump                         0x00002961   Thumb Code     8  main.o(.text)
    delay                                    0x00002969   Thumb Code    30  main.o(.text)
    Copy_Interrupt_VectorTable               0x00002987   Thumb Code    76  main.o(.text)
    check_mac_address                        0x000029d3   Thumb Code   228  main.o(.text)
    main                                     0x00002ab7   Thumb Code   290  main.o(.text)
    parse_SEGCP                              0x00002cb1   Thumb Code   138  segcp.o(.text)
    proc_SEGCP                               0x00002d3b   Thumb Code  2458  segcp.o(.text)
    send_keepalive_packet_configtool         0x000036d5   Thumb Code    12  segcp.o(.text)
    proc_SEGCP_tcp                           0x000036e1   Thumb Code   386  segcp.o(.text)
    proc_SEGCP_udp                           0x00003863   Thumb Code   408  segcp.o(.text)
    do_segcp                                 0x000039fb   Thumb Code   174  segcp.o(.text)
    segcp_timer_msec                         0x00003aa9   Thumb Code    44  segcp.o(.text)
    is_ipaddr                                0x00003af1   Thumb Code   150  util.o(.text)
    is_hexstr                                0x00003b87   Thumb Code    48  util.o(.text)
    is_hex                                   0x00003bb7   Thumb Code    60  util.o(.text)
    str_to_hex                               0x00003bf3   Thumb Code   118  util.o(.text)
    is_macaddr                               0x00003c69   Thumb Code   108  util.o(.text)
    DO_IAP                                   0x00003cd5   Thumb Code    18  flashhandler.o(.text)
    erase_flash_sector                       0x00003ce7   Thumb Code    60  flashhandler.o(.text)
    erase_flash_block                        0x00003d23   Thumb Code    24  flashhandler.o(.text)
    write_flash                              0x00003d3b   Thumb Code    76  flashhandler.o(.text)
    read_flash                               0x00003d87   Thumb Code    20  flashhandler.o(.text)
    read_storage                             0x00003db1   Thumb Code    50  storagehandler.o(.text)
    erase_storage                            0x00003de3   Thumb Code    92  storagehandler.o(.text)
    write_storage                            0x00003e3f   Thumb Code    64  storagehandler.o(.text)
    Time_Counter_Configuration               0x00003e89   Thumb Code     8  timerhandler.o(.text)
    Timer_IRQ_Handler                        0x00003e91   Thumb Code    94  timerhandler.o(.text)
    Time_Counter                             0x00003eef   Thumb Code    24  timerhandler.o(.text)
    Timer_Configuration                      0x00003f07   Thumb Code    70  timerhandler.o(.text)
    getDeviceUptime_min                      0x00003f4d   Thumb Code     6  timerhandler.o(.text)
    getDeviceUptime_sec                      0x00003f53   Thumb Code     6  timerhandler.o(.text)
    getDeviceUptime_msec                     0x00003f59   Thumb Code     6  timerhandler.o(.text)
    set_phylink_time_check                   0x00003f5f   Thumb Code     2  timerhandler.o(.text)
    UART1_Configuration                      0x00003f71   Thumb Code    18  uarthandler.o(.text)
    UART2_Configuration                      0x00003f83   Thumb Code    12  uarthandler.o(.text)
    device_set_factory_default               0x00003f95   Thumb Code    12  devicehandler.o(.text)
    device_socket_termination                0x00003fa1   Thumb Code    38  devicehandler.o(.text)
    device_reboot                            0x00003fc7   Thumb Code    20  devicehandler.o(.text)
    reset_fw_update_timer                    0x00003fdb   Thumb Code    18  devicehandler.o(.text)
    get_firmware_from_network                0x00003fed   Thumb Code   244  devicehandler.o(.text)
    device_firmware_update                   0x000040e1   Thumb Code   240  devicehandler.o(.text)
    device_timer_msec                        0x000041d1   Thumb Code    78  devicehandler.o(.text)
    LED_Init                                 0x0000432d   Thumb Code    60  w7500x_board.o(.text)
    init_boot_entry_pin                      0x00004369   Thumb Code    24  w7500x_board.o(.text)
    init_phylink_in_pin                      0x00004381   Thumb Code    18  w7500x_board.o(.text)
    get_hw_trig_pin                          0x00004393   Thumb Code    42  w7500x_board.o(.text)
    init_hw_trig_pin                         0x000043bd   Thumb Code    24  w7500x_board.o(.text)
    W7500x_Board_Init                        0x000043d5   Thumb Code    82  w7500x_board.o(.text)
    Supervisory_IC_Init                      0x00004427   Thumb Code    12  w7500x_board.o(.text)
    get_phylink_in_pin                       0x00004433   Thumb Code    16  w7500x_board.o(.text)
    init_uart_if_sel_pin                     0x00004443   Thumb Code    18  w7500x_board.o(.text)
    get_uart_if_sel_pin                      0x00004455   Thumb Code    14  w7500x_board.o(.text)
    get_boot_entry_pin                       0x00004463   Thumb Code    16  w7500x_board.o(.text)
    LED_On                                   0x00004473   Thumb Code    24  w7500x_board.o(.text)
    LED_Off                                  0x0000448b   Thumb Code    24  w7500x_board.o(.text)
    LED_Toggle                               0x000044a3   Thumb Code    24  w7500x_board.o(.text)
    get_LED_Status                           0x000044bb   Thumb Code    20  w7500x_board.o(.text)
    get_DevConfig_pointer                    0x000044e5   Thumb Code     4  configdata.o(.text)
    set_DevConfig_to_factory_value           0x000044e9   Thumb Code   368  configdata.o(.text)
    load_DevConfig_from_storage              0x00004659   Thumb Code   100  configdata.o(.text)
    save_DevConfig_to_storage                0x000046bd   Thumb Code    94  configdata.o(.text)
    get_DevConfig_value                      0x0000471b   Thumb Code     8  configdata.o(.text)
    set_DevConfig_value                      0x00004723   Thumb Code     8  configdata.o(.text)
    set_DevConfig                            0x0000472b   Thumb Code    90  configdata.o(.text)
    get_DevConfig                            0x00004785   Thumb Code    88  configdata.o(.text)
    display_Net_Info                         0x000047dd   Thumb Code   536  configdata.o(.text)
    Mac_Conf                                 0x000049f5   Thumb Code    64  configdata.o(.text)
    Net_Conf                                 0x00004a35   Thumb Code   102  configdata.o(.text)
    set_dhcp_mode                            0x00004a9b   Thumb Code    10  configdata.o(.text)
    set_static_mode                          0x00004aa5   Thumb Code    10  configdata.o(.text)
    set_mac                                  0x00004aaf   Thumb Code    16  configdata.o(.text)
    __I$use$semihosting                      0x00004b45   Thumb Code     0  use_no_semi.o(.text)
    __use_no_semihosting_swi                 0x00004b45   Thumb Code     2  use_no_semi.o(.text)
    __rt_ctype_table                         0x00004b49   Thumb Code    16  rt_ctype_table.o(.text)
    toupper                                  0x00004b59   Thumb Code    30  toupper.o(.text)
    __2printf                                0x00004b79   Thumb Code    22  noretval__2printf.o(.text)
    __2sprintf                               0x00004b95   Thumb Code    36  noretval__2sprintf.o(.text)
    _printf_pre_padding                      0x00004bbd   Thumb Code    44  _printf_pad.o(.text)
    _printf_post_padding                     0x00004be9   Thumb Code    34  _printf_pad.o(.text)
    _printf_str                              0x00004c0b   Thumb Code    82  _printf_str.o(.text)
    _printf_int_dec                          0x00004c5d   Thumb Code    90  _printf_dec.o(.text)
    _printf_int_hex                          0x00004cc9   Thumb Code    84  _printf_hex_int.o(.text)
    _printf_longlong_hex                     0x00004cc9   Thumb Code     0  _printf_hex_int.o(.text)
    __printf                                 0x00004d21   Thumb Code   306  __printf_flags_wp.o(.text)
    atoi                                     0x00004e59   Thumb Code    26  atoi.o(.text)
    atol                                     0x00004e73   Thumb Code    26  atol.o(.text)
    strtok                                   0x00004e8d   Thumb Code    10  strtok.o(.text)
    strchr                                   0x00004e9d   Thumb Code    20  strchr.o(.text)
    memcmp                                   0x00004eb1   Thumb Code    90  memcmp.o(.text)
    strcpy                                   0x00004f0d   Thumb Code    70  strcpy.o(.text)
    strlen                                   0x00004f59   Thumb Code    62  strlen.o(.text)
    strncmp                                  0x00004f9d   Thumb Code   154  strncmp.o(.text)
    strcat                                   0x0000503d   Thumb Code    24  strcat.o(.text)
    __aeabi_memcpy                           0x00005055   Thumb Code   130  rt_memcpy.o(.text)
    __rt_memcpy                              0x00005055   Thumb Code     0  rt_memcpy.o(.text)
    _memset_w                                0x000050d7   Thumb Code    26  rt_memclr.o(.text)
    _memset                                  0x000050f1   Thumb Code    30  rt_memclr.o(.text)
    __aeabi_memclr                           0x0000510f   Thumb Code     4  rt_memclr.o(.text)
    __rt_memclr                              0x0000510f   Thumb Code     0  rt_memclr.o(.text)
    __aeabi_memclr4                          0x00005113   Thumb Code     0  rt_memclr.o(.text)
    __aeabi_memclr8                          0x00005113   Thumb Code     0  rt_memclr.o(.text)
    __rt_memclr_w                            0x00005113   Thumb Code     4  rt_memclr.o(.text)
    strcmp                                   0x00005119   Thumb Code   132  strcmp.o(.text)
    __aeabi_uread4                           0x000051a1   Thumb Code    34  uread4.o(.text)
    __rt_uread4                              0x000051a1   Thumb Code     0  uread4.o(.text)
    __aeabi_uwrite4                          0x000051c3   Thumb Code    16  uwrite4.o(.text)
    __rt_uwrite4                             0x000051c3   Thumb Code     0  uwrite4.o(.text)
    __aeabi_uidiv                            0x000051d3   Thumb Code     0  aeabi_sdiv.o(.text)
    __aeabi_uidivmod                         0x000051d3   Thumb Code    20  aeabi_sdiv.o(.text)
    __aeabi_idiv                             0x000051e7   Thumb Code     0  aeabi_sdiv.o(.text)
    __aeabi_idivmod                          0x000051e7   Thumb Code   326  aeabi_sdiv.o(.text)
    __use_two_region_memory                  0x0000532d   Thumb Code     2  heapauxi.o(.text)
    __rt_heap_escrow$2region                 0x0000532f   Thumb Code     2  heapauxi.o(.text)
    __rt_heap_expand$2region                 0x00005331   Thumb Code     2  heapauxi.o(.text)
    __aeabi_dadd                             0x0000562d   Thumb Code     0  daddsub.o(.text)
    _dadd                                    0x0000562d   Thumb Code    26  daddsub.o(.text)
    __aeabi_dsub                             0x00005647   Thumb Code     0  daddsub.o(.text)
    _dsub                                    0x00005647   Thumb Code    22  daddsub.o(.text)
    __aeabi_drsub                            0x0000565d   Thumb Code     0  daddsub.o(.text)
    _drsb                                    0x0000565d   Thumb Code    28  daddsub.o(.text)
    __aeabi_d2uiz                            0x0000568d   Thumb Code     0  dfixui.o(.text)
    _dfixu                                   0x0000568d   Thumb Code    68  dfixui.o(.text)
    __aeabi_f2d                              0x000056d5   Thumb Code     0  f2d.o(.text)
    _f2d                                     0x000056d5   Thumb Code    80  f2d.o(.text)
    __aeabi_fdiv                             0x00005729   Thumb Code     0  fdiv.o(.text)
    _fdiv                                    0x00005729   Thumb Code   334  fdiv.o(.text)
    _frdiv                                   0x00005877   Thumb Code     8  fdiv.o(.text)
    __aeabi_f2uiz                            0x00005889   Thumb Code     0  ffixui.o(.text)
    _ffixu                                   0x00005889   Thumb Code    48  ffixui.o(.text)
    __aeabi_i2f_normalise                    0x000058b9   Thumb Code    72  fflti.o(.text)
    __aeabi_i2f                              0x00005901   Thumb Code    16  fflti.o(.text)
    _fflt                                    0x00005901   Thumb Code     0  fflti.o(.text)
    __aeabi_ui2f                             0x00005911   Thumb Code     6  fflti.o(.text)
    _ffltu                                   0x00005911   Thumb Code     0  fflti.o(.text)
    __ARM_scalbnf                            0x00005919   Thumb Code    64  fscalbn.o(.text)
    __rt_locale                              0x0000595d   Thumb Code     8  rt_locale_intlibspace.o(.text)
    __aeabi_errno_addr                       0x00005965   Thumb Code     8  rt_errno_addr_intlibspace.o(.text)
    __errno$intlibspace                      0x00005965   Thumb Code     0  rt_errno_addr_intlibspace.o(.text)
    __rt_errno_addr$intlibspace              0x00005965   Thumb Code     0  rt_errno_addr_intlibspace.o(.text)
    _printf_int_common                       0x0000596d   Thumb Code   176  _printf_intcommon.o(.text)
    _printf_char_common                      0x00005a27   Thumb Code    32  _printf_char_common.o(.text)
    _sputc                                   0x00005a4d   Thumb Code    10  _sputc.o(.text)
    _printf_cs_common                        0x00005a57   Thumb Code    22  _printf_char.o(.text)
    _printf_char                             0x00005a6d   Thumb Code    16  _printf_char.o(.text)
    _printf_string                           0x00005a7d   Thumb Code     8  _printf_char.o(.text)
    _printf_char_file                        0x00005a85   Thumb Code    34  _printf_char_file.o(.text)
    strtol                                   0x00005aad   Thumb Code   108  strtol.o(.text)
    __strtok_internal                        0x00005b1d   Thumb Code    66  strtok_int.o(.text)
    __rt_udiv10                              0x00005b65   Thumb Code    40  rtudiv10.o(.text)
    __user_libspace                          0x00005b8d   Thumb Code     8  libspace.o(.text)
    __user_perproc_libspace                  0x00005b8d   Thumb Code     0  libspace.o(.text)
    __user_perthread_libspace                0x00005b8d   Thumb Code     0  libspace.o(.text)
    _strtoul                                 0x00005b95   Thumb Code   166  _strtoul.o(.text)
    strcspn                                  0x00005c3b   Thumb Code    34  strcspn.o(.text)
    strspn                                   0x00005c5d   Thumb Code    32  strspn.o(.text)
    __user_setup_stackheap                   0x00005c7d   Thumb Code    62  sys_stackheap_outer.o(.text)
    _chval                                   0x00005cbb   Thumb Code    30  _chval.o(.text)
    exit                                     0x00005cd9   Thumb Code    16  exit.o(.text)
    __decompress                             0x00005ce9   Thumb Code     0  __dczerorl.o(.text)
    __decompress0                            0x00005ce9   Thumb Code    58  __dczerorl.o(.text)
    __ARM_common_switch8                     0x00005d23   Thumb Code    26  socket.o(i.__ARM_common_switch8)
    _is_digit                                0x00005d3d   Thumb Code    14  __printf_wp.o(i._is_digit)
    _get_lc_ctype                            0x00005d4d   Thumb Code    44  lc_ctype_c.o(locale$$code)
    __aeabi_fadd                             0x00005d79   Thumb Code     0  faddsub.o(x$fpl$fadd)
    _fadd                                    0x00005d79   Thumb Code   134  faddsub.o(x$fpl$fadd)
    __aeabi_frsub                            0x00005e05   Thumb Code     0  faddsub.o(x$fpl$frsb)
    _frsb                                    0x00005e05   Thumb Code    24  faddsub.o(x$fpl$frsb)
    __aeabi_fsub                             0x00005e1d   Thumb Code     0  faddsub.o(x$fpl$fsub)
    _fsub                                    0x00005e1d   Thumb Code   204  faddsub.o(x$fpl$fsub)
    LED_PIN                                  0x00005eec   Data           4  w7500x_board.o(.constdata)
    __I$use$fp                               0x00005eec   Number         0  usenofp.o(x$fpl$usenofp)
    Region$$Table$$Base                      0x00006148   Number         0  anon$$obj.o(Region$$Table)
    Region$$Table$$Limit                     0x00006168   Number         0  anon$$obj.o(Region$$Table)
    __ctype                                  0x00006175   Data           0  lc_ctype_c.o(locale$$data)
    SystemFrequency                          0x20000000   Data           4  system_w7500x.o(.data)
    SourceFrequency                          0x20000004   Data           4  system_w7500x.o(.data)
    WIZCHIP                                  0x20000020   Data          32  wizchip_conf.o(.data)
    PHY_ADDR                                 0x20000044   Data           4  w7500x_miim.o(.data)
    dhcp_state                               0x20000048   Data           1  dhcp.o(.data)
    dhcp_retry_count                         0x20000049   Data           1  dhcp.o(.data)
    DHCP_SOCKET                              0x2000004a   Data           1  dhcp.o(.data)
    OLD_allocated_ip                         0x2000004b   Data           4  dhcp.o(.data)
    DHCP_allocated_ip                        0x2000004f   Data           4  dhcp.o(.data)
    DHCP_allocated_gw                        0x20000053   Data           4  dhcp.o(.data)
    DHCP_allocated_sn                        0x20000057   Data           4  dhcp.o(.data)
    DHCP_allocated_dns                       0x2000005b   Data           4  dhcp.o(.data)
    dhcp_lease_time                          0x20000060   Data           4  dhcp.o(.data)
    dhcp_tick_1s                             0x20000064   Data           4  dhcp.o(.data)
    dhcp_tick_next                           0x20000068   Data           4  dhcp.o(.data)
    dhcp_ip_assign                           0x2000006c   Data           4  dhcp.o(.data)
    dhcp_ip_update                           0x20000070   Data           4  dhcp.o(.data)
    dhcp_ip_conflict                         0x20000074   Data           4  dhcp.o(.data)
    DHCP_SIP                                 0x20000078   Data           4  dhcp.o(.data)
    DHCP_XID                                 0x2000007c   Data           4  dhcp.o(.data)
    pDHCPMSG                                 0x20000080   Data           4  dhcp.o(.data)
    DHCP_CHADDR                              0x20000084   Data           6  dhcp.o(.data)
    HOST_NAME                                0x2000008a   Data           8  dhcp.o(.data)
    __stdout                                 0x20000094   Data           4  retarget.o(.data)
    flag_s2e_application_running             0x20000098   Data           1  main.o(.data)
    gSEGCPPRIVILEGE                          0x2000009c   Data           1  segcp.o(.data)
    enable_configtool_keepalive_timer        0x2000009d   Data           1  segcp.o(.data)
    flag_send_configtool_keepalive           0x2000009e   Data           1  segcp.o(.data)
    configtool_keepalive_time                0x200000a0   Data           2  segcp.o(.data)
    strDEVSTATUS                             0x200000a4   Data          28  segcp.o(.data)
    tbSEGCPCMD                               0x200000c0   Data         236  segcp.o(.data)
    flag_check_main_routine                  0x200001ac   Data           1  timerhandler.o(.data)
    main_routine_check_time_msec             0x200001b2   Data           2  timerhandler.o(.data)
    uart_if_table                            0x200001bc   Data           8  uarthandler.o(.data)
    enable_fw_update_timer                   0x200001c4   Data           1  devicehandler.o(.data)
    flag_fw_update_timeout                   0x200001c5   Data           1  devicehandler.o(.data)
    enable_fw_from_network_timer             0x200001c6   Data           1  devicehandler.o(.data)
    flag_fw_from_network_timeout             0x200001c7   Data           1  devicehandler.o(.data)
    fw_update_time                           0x200001c8   Data           2  devicehandler.o(.data)
    fw_from_network_time                     0x200001ca   Data           2  devicehandler.o(.data)
    flag_hw_trig_enable                      0x200001d4   Data           1  w7500x_board.o(.data)
    LED_PAD                                  0x200001d5   Data           2  w7500x_board.o(.data)
    LED_PAD_AF                               0x200001d7   Data           2  w7500x_board.o(.data)
    LED_PORT                                 0x200001dc   Data           8  w7500x_board.o(.data)
    g_recv_buf                               0x200001f8   Data        2048  main.o(.bss)
    __libspace_start                         0x20000ef4   Data          96  libspace.o(.bss)
    __temporary_stack_top$libspace           0x20000f54   Data           0  libspace.o(.bss)



==============================================================================

Memory Map of the image

  Image Entry point : 0x000000a9

  Load Region LR_IROM1 (Base: 0x00000000, Size: 0x00006460, Max: 0x00007000, ABSOLUTE, COMPRESSED[0x00006384])

    Execution Region ER_IROM1 (Exec base: 0x00000000, Load base: 0x00000000, Size: 0x00006278, Max: 0x00007000, ABSOLUTE)

    Exec Addr    Load Addr    Size         Type   Attr      Idx    E Section Name        Object

    0x00000000   0x00000000   0x000000a8   Data   RO            3    RESET               startup_w7500x.o
    0x000000a8   0x000000a8   0x00000008   Code   RO          854  * !!!main             c_p.l(__main.o)
    0x000000b0   0x000000b0   0x0000003c   Code   RO         1081    !!!scatter          c_p.l(__scatter.o)
    0x000000ec   0x000000ec   0x0000001c   Code   RO         1083    !!handler_zi        c_p.l(__scatter_zi.o)
    0x00000108   0x00000108   0x00000002   Code   RO          814    .ARM.Collect$$_printf_percent$$00000000  c_p.l(_printf_percent.o)
    0x0000010a   0x0000010a   0x0000000a   Code   RO          813    .ARM.Collect$$_printf_percent$$00000009  c_p.l(_printf_d.o)
    0x00000114   0x00000114   0x0000000a   Code   RO          812    .ARM.Collect$$_printf_percent$$0000000C  c_p.l(_printf_x.o)
    0x0000011e   0x0000011e   0x0000000a   Code   RO          810    .ARM.Collect$$_printf_percent$$00000013  c_p.l(_printf_c.o)
    0x00000128   0x00000128   0x0000000a   Code   RO          811    .ARM.Collect$$_printf_percent$$00000014  c_p.l(_printf_s.o)
    0x00000132   0x00000132   0x00000004   Code   RO          902    .ARM.Collect$$_printf_percent$$00000017  c_p.l(_printf_percent_end.o)
    0x00000136   0x00000136   0x00000002   Code   RO         1004    .ARM.Collect$$libinit$$00000000  c_p.l(libinit.o)
    0x00000138   0x00000138   0x00000000   Code   RO          942    .ARM.Collect$$libinit$$00000002  c_p.l(libinit2.o)
    0x00000138   0x00000138   0x00000000   Code   RO          944    .ARM.Collect$$libinit$$00000004  c_p.l(libinit2.o)
    0x00000138   0x00000138   0x00000000   Code   RO          947    .ARM.Collect$$libinit$$0000000A  c_p.l(libinit2.o)
    0x00000138   0x00000138   0x00000000   Code   RO          949    .ARM.Collect$$libinit$$0000000C  c_p.l(libinit2.o)
    0x00000138   0x00000138   0x00000000   Code   RO          951    .ARM.Collect$$libinit$$0000000E  c_p.l(libinit2.o)
    0x00000138   0x00000138   0x00000006   Code   RO          952    .ARM.Collect$$libinit$$0000000F  c_p.l(libinit2.o)
    0x0000013e   0x0000013e   0x00000000   Code   RO          954    .ARM.Collect$$libinit$$00000011  c_p.l(libinit2.o)
    0x0000013e   0x0000013e   0x0000000c   Code   RO          955    .ARM.Collect$$libinit$$00000012  c_p.l(libinit2.o)
    0x0000014a   0x0000014a   0x00000000   Code   RO          956    .ARM.Collect$$libinit$$00000013  c_p.l(libinit2.o)
    0x0000014a   0x0000014a   0x00000000   Code   RO          958    .ARM.Collect$$libinit$$00000015  c_p.l(libinit2.o)
    0x0000014a   0x0000014a   0x00000000   Code   RO          960    .ARM.Collect$$libinit$$00000017  c_p.l(libinit2.o)
    0x0000014a   0x0000014a   0x00000000   Code   RO          962    .ARM.Collect$$libinit$$00000019  c_p.l(libinit2.o)
    0x0000014a   0x0000014a   0x00000000   Code   RO          964    .ARM.Collect$$libinit$$0000001B  c_p.l(libinit2.o)
    0x0000014a   0x0000014a   0x00000000   Code   RO          966    .ARM.Collect$$libinit$$0000001D  c_p.l(libinit2.o)
    0x0000014a   0x0000014a   0x00000000   Code   RO          968    .ARM.Collect$$libinit$$0000001F  c_p.l(libinit2.o)
    0x0000014a   0x0000014a   0x00000000   Code   RO          970    .ARM.Collect$$libinit$$00000021  c_p.l(libinit2.o)
    0x0000014a   0x0000014a   0x00000000   Code   RO          972    .ARM.Collect$$libinit$$00000023  c_p.l(libinit2.o)
    0x0000014a   0x0000014a   0x00000000   Code   RO          974    .ARM.Collect$$libinit$$00000025  c_p.l(libinit2.o)
    0x0000014a   0x0000014a   0x00000000   Code   RO          978    .ARM.Collect$$libinit$$0000002C  c_p.l(libinit2.o)
    0x0000014a   0x0000014a   0x00000000   Code   RO          980    .ARM.Collect$$libinit$$0000002E  c_p.l(libinit2.o)
    0x0000014a   0x0000014a   0x00000000   Code   RO          982    .ARM.Collect$$libinit$$00000030  c_p.l(libinit2.o)
    0x0000014a   0x0000014a   0x00000000   Code   RO          984    .ARM.Collect$$libinit$$00000032  c_p.l(libinit2.o)
    0x0000014a   0x0000014a   0x00000002   Code   RO          985    .ARM.Collect$$libinit$$00000033  c_p.l(libinit2.o)
    0x0000014c   0x0000014c   0x00000002   Code   RO         1046    .ARM.Collect$$libshutdown$$00000000  c_p.l(libshutdown.o)
    0x0000014e   0x0000014e   0x00000000   Code   RO         1062    .ARM.Collect$$libshutdown$$00000002  c_p.l(libshutdown2.o)
    0x0000014e   0x0000014e   0x00000000   Code   RO         1064    .ARM.Collect$$libshutdown$$00000004  c_p.l(libshutdown2.o)
    0x0000014e   0x0000014e   0x00000000   Code   RO         1067    .ARM.Collect$$libshutdown$$00000007  c_p.l(libshutdown2.o)
    0x0000014e   0x0000014e   0x00000000   Code   RO         1070    .ARM.Collect$$libshutdown$$0000000A  c_p.l(libshutdown2.o)
    0x0000014e   0x0000014e   0x00000000   Code   RO         1072    .ARM.Collect$$libshutdown$$0000000C  c_p.l(libshutdown2.o)
    0x0000014e   0x0000014e   0x00000000   Code   RO         1075    .ARM.Collect$$libshutdown$$0000000F  c_p.l(libshutdown2.o)
    0x0000014e   0x0000014e   0x00000002   Code   RO         1076    .ARM.Collect$$libshutdown$$00000010  c_p.l(libshutdown2.o)
    0x00000150   0x00000150   0x00000000   Code   RO          877    .ARM.Collect$$rtentry$$00000000  c_p.l(__rtentry.o)
    0x00000150   0x00000150   0x00000000   Code   RO          917    .ARM.Collect$$rtentry$$00000002  c_p.l(__rtentry2.o)
    0x00000150   0x00000150   0x00000006   Code   RO          929    .ARM.Collect$$rtentry$$00000004  c_p.l(__rtentry4.o)
    0x00000156   0x00000156   0x00000000   Code   RO          919    .ARM.Collect$$rtentry$$00000009  c_p.l(__rtentry2.o)
    0x00000156   0x00000156   0x00000004   Code   RO          920    .ARM.Collect$$rtentry$$0000000A  c_p.l(__rtentry2.o)
    0x0000015a   0x0000015a   0x00000000   Code   RO          922    .ARM.Collect$$rtentry$$0000000C  c_p.l(__rtentry2.o)
    0x0000015a   0x0000015a   0x00000008   Code   RO          923    .ARM.Collect$$rtentry$$0000000D  c_p.l(__rtentry2.o)
    0x00000162   0x00000162   0x00000002   Code   RO         1008    .ARM.Collect$$rtexit$$00000000  c_p.l(rtexit.o)
    0x00000164   0x00000164   0x00000000   Code   RO         1023    .ARM.Collect$$rtexit$$00000002  c_p.l(rtexit2.o)
    0x00000164   0x00000164   0x00000004   Code   RO         1024    .ARM.Collect$$rtexit$$00000003  c_p.l(rtexit2.o)
    0x00000168   0x00000168   0x00000006   Code   RO         1025    .ARM.Collect$$rtexit$$00000004  c_p.l(rtexit2.o)
    0x0000016e   0x0000016e   0x00000002   PAD
    0x00000170   0x00000170   0x00000038   Code   RO          834    .emb_text           c_p.l(rt_memcpy.o)
    0x000001a8   0x000001a8   0x00000038   Code   RO            4    .text               startup_w7500x.o
    0x000001e0   0x000001e0   0x000000f4   Code   RO           12    .text               system_w7500x.o
    0x000002d4   0x000002d4   0x00000108   Code   RO           55    .text               w7500x_dualtimer.o
    0x000003dc   0x000003dc   0x00000318   Code   RO           79    .text               w7500x_gpio.o
    0x000006f4   0x000006f4   0x0000027c   Code   RO          106    .text               w7500x_uart.o
    0x00000970   0x00000970   0x000000b4   Code   RO          130    .text               w7500x_wztoe.o
    0x00000a24   0x00000a24   0x00000ab4   Code   RO          181    .text               socket.o
    0x000014d8   0x000014d8   0x000005d0   Code   RO          213    .text               wizchip_conf.o
    0x00001aa8   0x00001aa8   0x0000026c   Code   RO          247    .text               w7500x_miim.o
    0x00001d14   0x00001d14   0x00000bac   Code   RO          274    .text               dhcp.o
    0x000028c0   0x000028c0   0x0000003c   Code   RO          324    .text               w7500x_it.o
    0x000028fc   0x000028fc   0x00000028   Code   RO          355    .text               retarget.o
    0x00002924   0x00002924   0x0000038c   Code   RO          392    .text               main.o
    0x00002cb0   0x00002cb0   0x00000e40   Code   RO          449    .text               segcp.o
    0x00003af0   0x00003af0   0x000001e4   Code   RO          485    .text               util.o
    0x00003cd4   0x00003cd4   0x000000dc   Code   RO          508    .text               flashhandler.o
    0x00003db0   0x00003db0   0x000000d8   Code   RO          533    .text               storagehandler.o
    0x00003e88   0x00003e88   0x000000e8   Code   RO          553    .text               timerhandler.o
    0x00003f70   0x00003f70   0x00000024   Code   RO          580    .text               uarthandler.o
    0x00003f94   0x00003f94   0x00000398   Code   RO          610    .text               devicehandler.o
    0x0000432c   0x0000432c   0x000001b8   Code   RO          694    .text               w7500x_board.o
    0x000044e4   0x000044e4   0x00000660   Code   RO          724    .text               configdata.o
    0x00004b44   0x00004b44   0x00000002   Code   RO          747    .text               c_p.l(use_no_semi.o)
    0x00004b46   0x00004b46   0x00000002   PAD
    0x00004b48   0x00004b48   0x00000010   Code   RO          749    .text               c_p.l(rt_ctype_table.o)
    0x00004b58   0x00004b58   0x0000001e   Code   RO          751    .text               c_p.l(toupper.o)
    0x00004b76   0x00004b76   0x00000002   PAD
    0x00004b78   0x00004b78   0x0000001c   Code   RO          757    .text               c_p.l(noretval__2printf.o)
    0x00004b94   0x00004b94   0x00000028   Code   RO          759    .text               c_p.l(noretval__2sprintf.o)
    0x00004bbc   0x00004bbc   0x0000004e   Code   RO          763    .text               c_p.l(_printf_pad.o)
    0x00004c0a   0x00004c0a   0x00000052   Code   RO          765    .text               c_p.l(_printf_str.o)
    0x00004c5c   0x00004c5c   0x0000006c   Code   RO          767    .text               c_p.l(_printf_dec.o)
    0x00004cc8   0x00004cc8   0x00000058   Code   RO          772    .text               c_p.l(_printf_hex_int.o)
    0x00004d20   0x00004d20   0x00000138   Code   RO          802    .text               c_p.l(__printf_flags_wp.o)
    0x00004e58   0x00004e58   0x0000001a   Code   RO          815    .text               c_p.l(atoi.o)
    0x00004e72   0x00004e72   0x0000001a   Code   RO          817    .text               c_p.l(atol.o)
    0x00004e8c   0x00004e8c   0x00000010   Code   RO          819    .text               c_p.l(strtok.o)
    0x00004e9c   0x00004e9c   0x00000014   Code   RO          822    .text               c_p.l(strchr.o)
    0x00004eb0   0x00004eb0   0x0000005a   Code   RO          824    .text               c_p.l(memcmp.o)
    0x00004f0a   0x00004f0a   0x00000002   PAD
    0x00004f0c   0x00004f0c   0x0000004c   Code   RO          826    .text               c_p.l(strcpy.o)
    0x00004f58   0x00004f58   0x00000044   Code   RO          828    .text               c_p.l(strlen.o)
    0x00004f9c   0x00004f9c   0x000000a0   Code   RO          830    .text               c_p.l(strncmp.o)
    0x0000503c   0x0000503c   0x00000018   Code   RO          832    .text               c_p.l(strcat.o)
    0x00005054   0x00005054   0x00000082   Code   RO          835    .text               c_p.l(rt_memcpy.o)
    0x000050d6   0x000050d6   0x00000040   Code   RO          840    .text               c_p.l(rt_memclr.o)
    0x00005116   0x00005116   0x00000002   PAD
    0x00005118   0x00005118   0x00000088   Code   RO          842    .text               c_p.l(strcmp.o)
    0x000051a0   0x000051a0   0x00000022   Code   RO          844    .text               c_p.l(uread4.o)
    0x000051c2   0x000051c2   0x00000010   Code   RO          846    .text               c_p.l(uwrite4.o)
    0x000051d2   0x000051d2   0x0000015a   Code   RO          848    .text               c_p.l(aeabi_sdiv.o)
    0x0000532c   0x0000532c   0x00000006   Code   RO          852    .text               c_p.l(heapauxi.o)
    0x00005332   0x00005332   0x00000002   PAD
    0x00005334   0x00005334   0x00000358   Code   RO          856    .text               fz_ps.l(daddsub.o)
    0x0000568c   0x0000568c   0x00000048   Code   RO          858    .text               fz_ps.l(dfixui.o)
    0x000056d4   0x000056d4   0x00000054   Code   RO          860    .text               fz_ps.l(f2d.o)
    0x00005728   0x00005728   0x00000160   Code   RO          868    .text               fz_ps.l(fdiv.o)
    0x00005888   0x00005888   0x00000030   Code   RO          871    .text               fz_ps.l(ffixui.o)
    0x000058b8   0x000058b8   0x0000005e   Code   RO          873    .text               fz_ps.l(fflti.o)
    0x00005916   0x00005916   0x00000002   PAD
    0x00005918   0x00005918   0x00000044   Code   RO          875    .text               fz_ps.l(fscalbn.o)
    0x0000595c   0x0000595c   0x00000008   Code   RO          885    .text               c_p.l(rt_locale_intlibspace.o)
    0x00005964   0x00005964   0x00000008   Code   RO          890    .text               c_p.l(rt_errno_addr_intlibspace.o)
    0x0000596c   0x0000596c   0x000000b0   Code   RO          892    .text               c_p.l(_printf_intcommon.o)
    0x00005a1c   0x00005a1c   0x00000030   Code   RO          894    .text               c_p.l(_printf_char_common.o)
    0x00005a4c   0x00005a4c   0x0000000a   Code   RO          896    .text               c_p.l(_sputc.o)
    0x00005a56   0x00005a56   0x0000002e   Code   RO          898    .text               c_p.l(_printf_char.o)
    0x00005a84   0x00005a84   0x00000028   Code   RO          900    .text               c_p.l(_printf_char_file.o)
    0x00005aac   0x00005aac   0x00000070   Code   RO          903    .text               c_p.l(strtol.o)
    0x00005b1c   0x00005b1c   0x00000048   Code   RO          908    .text               c_p.l(strtok_int.o)
    0x00005b64   0x00005b64   0x00000028   Code   RO          910    .text               c_p.l(rtudiv10.o)
    0x00005b8c   0x00005b8c   0x00000008   Code   RO          913    .text               c_p.l(libspace.o)
    0x00005b94   0x00005b94   0x000000a6   Code   RO          935    .text               c_p.l(_strtoul.o)
    0x00005c3a   0x00005c3a   0x00000022   Code   RO          937    .text               c_p.l(strcspn.o)
    0x00005c5c   0x00005c5c   0x00000020   Code   RO          939    .text               c_p.l(strspn.o)
    0x00005c7c   0x00005c7c   0x0000003e   Code   RO          986    .text               c_p.l(sys_stackheap_outer.o)
    0x00005cba   0x00005cba   0x0000001e   Code   RO          989    .text               c_p.l(_chval.o)
    0x00005cd8   0x00005cd8   0x00000010   Code   RO          991    .text               c_p.l(exit.o)
    0x00005ce8   0x00005ce8   0x0000003a   Code   RO         1079    .text               c_p.l(__dczerorl.o)
    0x00005d22   0x00005d22   0x0000001a   Code   RO          199    i.__ARM_common_switch8  socket.o
    0x00005d3c   0x00005d3c   0x0000000e   Code   RO          800    i._is_digit         c_p.l(__printf_wp.o)
    0x00005d4a   0x00005d4a   0x00000002   PAD
    0x00005d4c   0x00005d4c   0x0000002c   Code   RO          906    locale$$code        c_p.l(lc_ctype_c.o)
    0x00005d78   0x00005d78   0x0000008c   Code   RO          862    x$fpl$fadd          fz_ps.l(faddsub.o)
    0x00005e04   0x00005e04   0x00000018   Code   RO          863    x$fpl$frsb          fz_ps.l(faddsub.o)
    0x00005e1c   0x00005e1c   0x000000d0   Code   RO          864    x$fpl$fsub          fz_ps.l(faddsub.o)
    0x00005eec   0x00005eec   0x00000000   Code   RO          912    x$fpl$usenofp       fz_ps.l(usenofp.o)
    0x00005eec   0x00005eec   0x00000004   Data   RO          695    .constdata          w7500x_board.o
    0x00005ef0   0x00005ef0   0x00000028   Data   RO          773    .constdata          c_p.l(_printf_hex_int.o)
    0x00005f18   0x00005f18   0x00000011   Data   RO          803    .constdata          c_p.l(__printf_flags_wp.o)
    0x00005f29   0x00005f29   0x00000040   Data   RO          869    .constdata          fz_ps.l(fdiv.o)
    0x00005f69   0x00005f69   0x00000003   PAD
    0x00005f6c   0x00005f6c   0x00000113   Data   RO          451    .conststring        segcp.o
    0x0000607f   0x0000607f   0x00000001   PAD
    0x00006080   0x00006080   0x00000017   Data   RO          581    .conststring        uarthandler.o
    0x00006097   0x00006097   0x00000001   PAD
    0x00006098   0x00006098   0x000000ae   Data   RO          611    .conststring        devicehandler.o
    0x00006146   0x00006146   0x00000002   PAD
    0x00006148   0x00006148   0x00000020   Data   RO         1077    Region$$Table       anon$$obj.o
    0x00006168   0x00006168   0x00000110   Data   RO          905    locale$$data        c_p.l(lc_ctype_c.o)


    Execution Region RW_IRAM1 (Exec base: 0x20000000, Load base: 0x00006278, Size: 0x00001b58, Max: 0x00004000, ABSOLUTE, COMPRESSED[0x0000010c])

    Exec Addr    Load Addr    Size         Type   Attr      Idx    E Section Name        Object

    0x20000000   COMPRESSED   0x00000008   Data   RW           13    .data               system_w7500x.o
    0x20000008   COMPRESSED   0x0000000e   Data   RW          183    .data               socket.o
    0x20000016   COMPRESSED   0x00000002   PAD
    0x20000018   COMPRESSED   0x00000028   Data   RW          214    .data               wizchip_conf.o
    0x20000040   COMPRESSED   0x00000008   Data   RW          248    .data               w7500x_miim.o
    0x20000048   COMPRESSED   0x0000004a   Data   RW          275    .data               dhcp.o
    0x20000092   COMPRESSED   0x00000002   PAD
    0x20000094   COMPRESSED   0x00000004   Data   RW          356    .data               retarget.o
    0x20000098   COMPRESSED   0x00000001   Data   RW          395    .data               main.o
    0x20000099   COMPRESSED   0x00000003   PAD
    0x2000009c   COMPRESSED   0x00000110   Data   RW          453    .data               segcp.o
    0x200001ac   COMPRESSED   0x00000010   Data   RW          554    .data               timerhandler.o
    0x200001bc   COMPRESSED   0x00000008   Data   RW          582    .data               uarthandler.o
    0x200001c4   COMPRESSED   0x00000010   Data   RW          612    .data               devicehandler.o
    0x200001d4   COMPRESSED   0x00000010   Data   RW          696    .data               w7500x_board.o
    0x200001e4   COMPRESSED   0x00000004   Data   RW          820    .data               c_p.l(strtok.o)
    0x200001e8        -       0x00000010   Zero   RW          182    .bss                socket.o
    0x200001f8        -       0x00000800   Zero   RW          394    .bss                main.o
    0x200009f8        -       0x00000400   Zero   RW          450    .bss                segcp.o
    0x20000df8        -       0x000000f9   Zero   RW          725    .bss                configdata.o
    0x20000ef1   COMPRESSED   0x00000003   PAD
    0x20000ef4        -       0x00000060   Zero   RW          914    .bss                c_p.l(libspace.o)
    0x20000f54   COMPRESSED   0x00000004   PAD
    0x20000f58        -       0x00000400   Zero   RW            2    HEAP                startup_w7500x.o
    0x20001358        -       0x00000800   Zero   RW            1    STACK               startup_w7500x.o


==============================================================================

Image component sizes


      Code (inc. data)   RO Data    RW Data    ZI Data      Debug   Object Name

      1632        412          0          0        249       4752   configdata.o
       920        270        174         16          0       9841   devicehandler.o
      2988         84          0         74          0       9723   dhcp.o
         0          0          0          0          0       2340   dhcp_cb.o
       220         22          0          0          0       2379   flashhandler.o
       908        216          0          1       2048       4856   main.o
        40          0          0          4          0       2946   retarget.o
      3648        420        275        272       1024       7200   segcp.o
      2766        102          0         14         16      12997   socket.o
        56         26        168          0       3072        784   startup_w7500x.o
       216         10          0          0          0       2231   storagehandler.o
       244         24          0          8          0      23945   system_w7500x.o
       232         16          0         16          0       2814   timerhandler.o
        36          6         23          8          0       1438   uarthandler.o
       484          0          0          0          0       3735   util.o
       440         22          4         16          0       6645   w7500x_board.o
       264          8          0          0          0       5583   w7500x_dualtimer.o
       792         16          0          0          0      14743   w7500x_gpio.o
        60          0          0          0          0       3054   w7500x_it.o
       620         38          0          8          0       4394   w7500x_miim.o
       636         30          0          0          0      13548   w7500x_uart.o
       180         12          0          0          0       2746   w7500x_wztoe.o
      1488         84          0         40          0      10398   wizchip_conf.o

    ----------------------------------------------------------------------
     18870       1818        680        484       6412     153092   Object Totals
         0          0         32          0          0          0   (incl. Generated)
         0          0          4          7          3          0   (incl. Padding)

    ----------------------------------------------------------------------

      Code (inc. data)   RO Data    RW Data    ZI Data      Debug   Library Member Name

        58          0          0          0          0          0   __dczerorl.o
         8          0          0          0          0         68   __main.o
       312          6         17          0          0         76   __printf_flags_wp.o
        14          0          0          0          0         60   __printf_wp.o
         0          0          0          0          0          0   __rtentry.o
        12          0          0          0          0          0   __rtentry2.o
         6          0          0          0          0          0   __rtentry4.o
        60          8          0          0          0          0   __scatter.o
        28          0          0          0          0          0   __scatter_zi.o
        30          0          0          0          0         60   _chval.o
        10          0          0          0          0          0   _printf_c.o
        46          0          0          0          0        100   _printf_char.o
        48          6          0          0          0         88   _printf_char_common.o
        40          6          0          0          0         72   _printf_char_file.o
        10          0          0          0          0          0   _printf_d.o
       108         18          0          0          0         76   _printf_dec.o
        88          4         40          0          0         72   _printf_hex_int.o
       176          0          0          0          0         84   _printf_intcommon.o
        78          0          0          0          0        100   _printf_pad.o
         2          0          0          0          0          0   _printf_percent.o
         4          0          0          0          0          0   _printf_percent_end.o
        10          0          0          0          0          0   _printf_s.o
        82          0          0          0          0         72   _printf_str.o
        10          0          0          0          0          0   _printf_x.o
        10          0          0          0          0         60   _sputc.o
       166          0          0          0          0         84   _strtoul.o
       346          0          0          0          0         92   aeabi_sdiv.o
        26          0          0          0          0         72   atoi.o
        26          0          0          0          0         72   atol.o
        16          0          0          0          0         68   exit.o
         6          0          0          0          0        136   heapauxi.o
        44         10        272          0          0         76   lc_ctype_c.o
         2          0          0          0          0          0   libinit.o
        20          0          0          0          0          0   libinit2.o
         2          0          0          0          0          0   libshutdown.o
         2          0          0          0          0          0   libshutdown2.o
         8          4          0          0         96         68   libspace.o
        90          0          0          0          0         68   memcmp.o
        28          6          0          0          0         84   noretval__2printf.o
        40          4          0          0          0         84   noretval__2sprintf.o
        16          4          0          0          0         76   rt_ctype_table.o
         8          4          0          0          0         68   rt_errno_addr_intlibspace.o
         8          4          0          0          0         68   rt_locale_intlibspace.o
        64          0          0          0          0        108   rt_memclr.o
       186          0          0          0          0        144   rt_memcpy.o
         2          0          0          0          0          0   rtexit.o
        10          0          0          0          0          0   rtexit2.o
        40          0          0          0          0         60   rtudiv10.o
        24          0          0          0          0         60   strcat.o
        20          0          0          0          0         60   strchr.o
       136          4          0          0          0         72   strcmp.o
        76          6          0          0          0         72   strcpy.o
        34          0          0          0          0         72   strcspn.o
        68          6          0          0          0         72   strlen.o
       160          6          0          0          0         76   strncmp.o
        32          0          0          0          0         72   strspn.o
        16          6          0          4          0         68   strtok.o
        72          6          0          0          0         76   strtok_int.o
       112          4          0          0          0         76   strtol.o
        62          0          0          0          0         80   sys_stackheap_outer.o
        30          0          0          0          0         68   toupper.o
        34          0          0          0          0         60   uread4.o
         2          0          0          0          0         68   use_no_semi.o
        16          0          0          0          0         60   uwrite4.o
       856         20          0          0          0        208   daddsub.o
        72          4          0          0          0         68   dfixui.o
        84          4          0          0          0         60   f2d.o
       372          8          0          0          0        240   faddsub.o
       352         10         64          0          0         92   fdiv.o
        48          0          0          0          0         60   ffixui.o
        94          0          0          0          0         92   fflti.o
        68          4          0          0          0         68   fscalbn.o
         0          0          0          0          0          0   usenofp.o

    ----------------------------------------------------------------------
      5262        172        396          4        100       4416   Library Totals
        16          0          3          0          4          0   (incl. Padding)

    ----------------------------------------------------------------------

      Code (inc. data)   RO Data    RW Data    ZI Data      Debug   Library Name

      3300        122        329          4         96       3528   c_p.l
      1946         50         64          0          0        888   fz_ps.l

    ----------------------------------------------------------------------
      5262        172        396          4        100       4416   Library Totals

    ----------------------------------------------------------------------

==============================================================================


      Code (inc. data)   RO Data    RW Data    ZI Data      Debug   

     24132       1990       1076        488       6512     152860   Grand Totals
     24132       1990       1076        268       6512     152860   ELF Image Totals (compressed)
     24132       1990       1076        268          0          0   ROM Totals

==============================================================================

    Total RO  Size (Code + RO Data)                25208 (  24.62kB)
    Total RW  Size (RW Data + ZI Data)              7000 (   6.84kB)
    Total ROM Size (Code + RO Data + RW Data)      25476 (  24.88kB)

==============================================================================

